// Jest Snapshot v1, https://goo.gl/fbAQLP

exports[`Pruebas en el <CounterApp /> Debe mostrar <CounterApp /> correctamente 1`] = `ShallowWrapper {}`;
